[1m[34m[ 1/92] index.qmd[39m[22m
[1m[34m[ 2/92] libros/index.qmd[39m[22m
[1m[34m[ 3/92] libros/capitulos/index.qmd[39m[22m
[91mERROR: YAMLException: can not read a block mapping entry; a multiline key may not be an implicit key (11:2)

  8 | \neg\neg p
  9 | $$
 10 | 
 11 | y:
-------^
 12 | 
 13 | $$

Stack trace:
    at generateError2 (file:///opt/quarto/bin/quarto.js:16780:10)
    at throwError2 (file:///opt/quarto/bin/quarto.js:16783:9)
    at readBlockMapping2 (file:///opt/quarto/bin/quarto.js:17368:9)
    at composeNode2 (file:///opt/quarto/bin/quarto.js:17574:80)
    at readDocument2 (file:///opt/quarto/bin/quarto.js:17706:3)
    at loadDocuments2 (file:///opt/quarto/bin/quarto.js:17748:5)
    at load$12 (file:///opt/quarto/bin/quarto.js:17766:19)
    at parseWithNiceErrors (file:///opt/quarto/bin/quarto.js:18831:12)
    at Object.readYamlFromMarkdown [as extractYaml] (file:///opt/quarto/bin/quarto.js:18788:9)
    at Object.target (file:///opt/quarto/bin/quarto.js:35341:47)
    at fileExecutionEngineAndTarget (file:///opt/quarto/bin/quarto.js:77397:31)
    at async renderContexts (file:///opt/quarto/bin/quarto.js:91104:30)
    at async Object.renderFormats (file:///opt/quarto/bin/quarto.js:91168:20)
    at async readBaseInputIndex (file:///opt/quarto/bin/quarto.js:131756:20)
    at async inputTargetIndex (file:///opt/quarto/bin/quarto.js:131744:18)
    at async resolveInputTarget (file:///opt/quarto/bin/quarto.js:131862:18)
    at async resolveProjectInputLinks (file:///opt/quarto/bin/quarto.js:144735:39)
    at async file:///opt/quarto/bin/quarto.js:147549:5
    at async file:///opt/quarto/bin/quarto.js:131370:25
    at async withTimingAsync (file:///opt/quarto/bin/quarto.js:15994:21)
    at async runHtmlPostprocessors (file:///opt/quarto/bin/quarto.js:131363:5)
    at async Object.complete (file:///opt/quarto/bin/quarto.js:131138:37)
    at async Object.onPostProcess (file:///opt/quarto/bin/quarto.js:137196:28)
    at async renderFileInternal (file:///opt/quarto/bin/quarto.js:137180:3)
    at async renderFiles (file:///opt/quarto/bin/quarto.js:136884:9)
    at async renderProject (file:///opt/quarto/bin/quarto.js:137468:23)
    at async _Command.actionHandler (file:///opt/quarto/bin/quarto.js:142798:24)
    at async _Command.execute (file:///opt/quarto/bin/quarto.js:102189:7)
    at async _Command.parseCommand (file:///opt/quarto/bin/quarto.js:102066:14)
    at async quarto4 (file:///opt/quarto/bin/quarto.js:188195:5)
    at async file:///opt/quarto/bin/quarto.js:188224:5
    at async file:///opt/quarto/bin/quarto.js:188078:14
    at async mainRunner (file:///opt/quarto/bin/quarto.js:188080:5)
    at async file:///opt/quarto/bin/quarto.js:188217:3[39m
